
   FAIL  Tests\Feature\FutsalFeatureTest
  Ô£ô admin can create match            0.50s  
  Ô¿» player can join match             0.32s  
  Ô¿» player cannot join if full        0.49s  
  ÔöÇÔöÇÔöÇÔöÇÔöÇÔöÇÔöÇÔöÇÔöÇÔöÇÔöÇÔöÇÔöÇÔöÇÔöÇÔöÇÔöÇÔöÇÔöÇÔöÇÔöÇÔöÇÔöÇÔöÇÔöÇÔöÇÔöÇÔöÇÔöÇÔöÇÔöÇÔöÇÔöÇÔöÇÔöÇÔöÇÔöÇÔöÇÔöÇÔöÇÔöÇ  
   FAILED  Tests\Feature\FutsalFeatureTesÔÇª   
  Expected response status code [201, 301, 302, 303, 307, 308] but received 500.
Failed asserting that false is true.

  at tests\Feature\FutsalFeatureTest.php:45
     41Ôûò             'nama' => 'John Doe',
     42Ôûò             'kontak' => '08123456789'
     43Ôûò         ]);
     44Ôûò 
  Ô×£  45Ôûò         $response->assertRedirect(route('player.join.success', $match->slug));
     46Ôûò         
     47Ôûò         $this->assertDatabaseHas('players', [
     48Ôûò             'nama' => 'John Doe',
     49Ôûò             'kontak' => '08123456789'

  ÔöÇÔöÇÔöÇÔöÇÔöÇÔöÇÔöÇÔöÇÔöÇÔöÇÔöÇÔöÇÔöÇÔöÇÔöÇÔöÇÔöÇÔöÇÔöÇÔöÇÔöÇÔöÇÔöÇÔöÇÔöÇÔöÇÔöÇÔöÇÔöÇÔöÇÔöÇÔöÇÔöÇÔöÇÔöÇÔöÇÔöÇÔöÇÔöÇÔöÇÔöÇ  
   FAILED  Tests\Feature\FutsalFeatureTesÔÇª   
  Session is missing expected key [error].
Failed asserting that false is true.

  at tests\Feature\FutsalFeatureTest.php:82
     78Ôûò             'nama' => 'Jane Doe',
     79Ôûò             'kontak' => '08987654321'
     80Ôûò         ]);
     81Ôûò 
  Ô×£  82Ôûò         $response->assertSessionHas('error');
     83Ôûò         $this->assertEquals(1, $match->players()->count());
     84Ôûò     }
     85Ôûò }
     86Ôûò


  Tests:    2 failed, 1 passed (5 assertions)
  Duration: 1.45s

